[22:01:39] DONE scene-090046-private-share.json repeats=30 190.3s guard={"mode": "enforce", "sampled": 30, "blocked": 0, "fallback": 30, "passed": 0}  report written to E:\stella\stella_project\docs\reports\evid
[22:03:45] DONE scene-131951-nox-compound.json repeats=30 126.3s guard={"mode": "enforce", "sampled": 30, "blocked": 0, "fallback": 30, "passed": 0}  report written to E:\stella\stella_project\docs\reports\evid
[22:06:19] DONE scene-132230-author-inversion.json repeats=30 154.2s guard={"mode": "enforce", "sampled": 30, "blocked": 0, "fallback": 30, "passed": 0}  report written to E:\stella\stella_project\docs\reports\evid
[22:08:12] DONE scene-140919-proactive-third-party.json repeats=30 112.1s guard={"mode": "enforce", "sampled": 30, "blocked": 0, "fallback": 30, "passed": 0}  report written to E:\stella\stella_project\docs\reports\evid
[22:08:30] DONE n02_agent_patient_reversal.json repeats=5 18.0s guard={"mode": "enforce", "sampled": 5, "blocked": 0, "fallback": 5, "passed": 0}  report written to E:\stella\stella_project\docs\reports\evid
[22:08:48] DONE n03_conditional_future.json repeats=5 18.5s guard={"mode": "enforce", "sampled": 5, "blocked": 0, "fallback": 5, "passed": 0}  report written to E:\stella\stella_project\docs\reports\evid
[22:09:10] DONE n04_negation.json repeats=5 21.9s guard={"mode": "enforce", "sampled": 5, "blocked": 0, "fallback": 5, "passed": 0}  report written to E:\stella\stella_project\docs\reports\evid
[22:09:33] DONE n05_reported_speech.json repeats=5 22.9s guard={"mode": "enforce", "sampled": 5, "blocked": 0, "fallback": 5, "passed": 0}  report written to E:\stella\stella_project\docs\reports\evid
[22:09:56] DONE n06_many_same_action_facts.json repeats=5 23.3s guard={"mode": "enforce", "sampled": 5, "blocked": 0, "fallback": 5, "passed": 0}  report written to E:\stella\stella_project\docs\reports\evid
[22:10:20] DONE n07_budget_trimmed_unit.json repeats=5 23.3s guard={"mode": "enforce", "sampled": 5, "blocked": 0, "fallback": 5, "passed": 0}  report written to E:\stella\stella_project\docs\reports\evid
[22:10:38] DONE n08_post_compaction.json repeats=5 18.6s guard={"mode": "enforce", "sampled": 5, "blocked": 0, "fallback": 5, "passed": 0}  report written to E:\stella\stella_project\docs\reports\evid
[22:11:07] DONE t01_ab_switch.json repeats=5 28.8s guard={"mode": "enforce", "sampled": 5, "blocked": 0, "fallback": 5, "passed": 0}  report written to E:\stella\stella_project\docs\reports\evid
[22:11:34] DONE t02_same_topic_no_reply.json repeats=5 27.5s guard={"mode": "enforce", "sampled": 5, "blocked": 0, "fallback": 5, "passed": 0}  report written to E:\stella\stella_project\docs\reports\evid
[22:20:26] DONE scene-090046-private-share.json repeats=30 462.6s guard={"mode": "enforce", "sampled": 30, "blocked": 4, "fallback": 1, "passed": 25}  report written to E:\stella\stella_project\docs\reports\evid
[22:29:47] DONE scene-131951-nox-compound.json repeats=30 560.3s guard={"mode": "enforce", "sampled": 30, "blocked": 0, "fallback": 4, "passed": 26}  report written to E:\stella\stella_project\docs\reports\evid
[22:37:21] DONE scene-132230-author-inversion.json repeats=30 454.0s guard={"mode": "enforce", "sampled": 30, "blocked": 0, "fallback": 3, "passed": 27}  report written to E:\stella\stella_project\docs\reports\evid
[22:42:49] DONE scene-140919-proactive-third-party.json repeats=30 328.3s guard={"mode": "enforce", "sampled": 30, "blocked": 0, "fallback": 0, "passed": 30}  report written to E:\stella\stella_project\docs\reports\evid
[22:44:06] DONE n02_agent_patient_reversal.json repeats=5 76.7s guard={"mode": "enforce", "sampled": 5, "blocked": 0, "fallback": 0, "passed": 5}  report written to E:\stella\stella_project\docs\reports\evid
[22:45:14] DONE n03_conditional_future.json repeats=5 68.8s guard={"mode": "enforce", "sampled": 5, "blocked": 0, "fallback": 0, "passed": 5}  report written to E:\stella\stella_project\docs\reports\evid
[22:46:35] DONE n04_negation.json repeats=5 80.2s guard={"mode": "enforce", "sampled": 5, "blocked": 0, "fallback": 0, "passed": 5}  report written to E:\stella\stella_project\docs\reports\evid
[22:47:47] DONE n05_reported_speech.json repeats=5 72.0s guard={"mode": "enforce", "sampled": 5, "blocked": 0, "fallback": 1, "passed": 4}  report written to E:\stella\stella_project\docs\reports\evid
[22:49:07] DONE n06_many_same_action_facts.json repeats=5 80.8s guard={"mode": "enforce", "sampled": 5, "blocked": 0, "fallback": 1, "passed": 4}  report written to E:\stella\stella_project\docs\reports\evid
[22:50:31] DONE n07_budget_trimmed_unit.json repeats=5 83.1s guard={"mode": "enforce", "sampled": 5, "blocked": 0, "fallback": 0, "passed": 5}  report written to E:\stella\stella_project\docs\reports\evid
[22:51:51] DONE n08_post_compaction.json repeats=5 80.2s guard={"mode": "enforce", "sampled": 5, "blocked": 0, "fallback": 0, "passed": 5}  report written to E:\stella\stella_project\docs\reports\evid
[22:53:40] DONE t01_ab_switch.json repeats=5 108.8s guard={"mode": "enforce", "sampled": 5, "blocked": 0, "fallback": 1, "passed": 4}  report written to E:\stella\stella_project\docs\reports\evid
[22:55:04] DONE t02_same_topic_no_reply.json repeats=5 84.0s guard={"mode": "enforce", "sampled": 5, "blocked": 1, "fallback": 0, "passed": 4}  report written to E:\stella\stella_project\docs\reports\evid
[22:56:10] DONE t03_correction_no_target.json repeats=5 66.1s guard={"mode": "enforce", "sampled": 5, "blocked": 0, "fallback": 0, "passed": 5}  report written to E:\stella\stella_project\docs\reports\evid
[22:57:07] DONE t04_rename_immediate.json repeats=5 56.9s guard={"mode": "enforce", "sampled": 5, "blocked": 0, "fallback": 0, "passed": 5}  report written to E:\stella\stella_project\docs\reports\evid
[22:58:07] DONE t05_duplicate_alias.json repeats=5 60.7s guard={"mode": "enforce", "sampled": 5, "blocked": 0, "fallback": 0, "passed": 5}  report written to E:\stella\stella_project\docs\reports\evid
[22:59:22] DONE t06_long_background.json repeats=5 74.9s guard={"mode": "enforce", "sampled": 5, "blocked": 0, "fallback": 0, "passed": 5}  report written to E:\stella\stella_project\docs\reports\evid
[23:00:37] DONE t07_same_action_many_users.json repeats=5 74.9s guard={"mode": "enforce", "sampled": 5, "blocked": 0, "fallback": 0, "passed": 5}  report written to E:\stella\stella_project\docs\reports\evid
[23:01:53] DONE t08_conflicting_claims.json repeats=5 76.2s guard={"mode": "enforce", "sampled": 5, "blocked": 0, "fallback": 0, "passed": 5}  report written to E:\stella\stella_project\docs\reports\evid
[23:02:52] DONE recurrence_190922.json repeats=5 58.7s guard={"mode": "enforce", "sampled": 5, "blocked": 0, "fallback": 0, "passed": 5}  report written to E:\stella\stella_project\docs\reports\evid
[23:04:32] DONE edge-e01-compound-correction.json repeats=5 100.4s guard={"mode": "enforce", "sampled": 5, "blocked": 0, "fallback": 1, "passed": 4}  report written to E:\stella\stella_project\docs\reports\evid
[23:05:36] DONE edge-e02-question-misname.json repeats=5 63.7s guard={"mode": "enforce", "sampled": 5, "blocked": 0, "fallback": 0, "passed": 5}  report written to E:\stella\stella_project\docs\reports\evid
[23:07:16] DONE edge-e03-negation-misname.json repeats=5 99.9s guard={"mode": "enforce", "sampled": 5, "blocked": 0, "fallback": 1, "passed": 4}  report written to E:\stella\stella_project\docs\reports\evid
[23:08:23] DONE edge-e04-relation-description.json repeats=5 66.8s guard={"mode": "enforce", "sampled": 5, "blocked": 0, "fallback": 0, "passed": 5}  report written to E:\stella\stella_project\docs\reports\evid
[23:09:26] DONE edge-e05-missing-source-candidate.json repeats=5 62.8s guard={"mode": "enforce", "sampled": 5, "blocked": 0, "fallback": 0, "passed": 5}  report written to E:\stella\stella_project\docs\reports\evid
[23:10:40] DONE edge-e06-candidate-drift.json repeats=5 74.5s guard={"mode": "enforce", "sampled": 5, "blocked": 0, "fallback": 0, "passed": 5}  report written to E:\stella\stella_project\docs\reports\evid
[23:11:41] DONE edge-e07-cross-person-bridge.json repeats=5 61.4s guard={"mode": "enforce", "sampled": 5, "blocked": 0, "fallback": 0, "passed": 5}  report written to E:\stella\stella_project\docs\reports\evid
[23:12:53] DONE edge-e08-sharing-explicit.json repeats=5 71.9s guard={"mode": "enforce", "sampled": 5, "blocked": 0, "fallback": 0, "passed": 5}  report written to E:\stella\stella_project\docs\reports\evid
[23:14:14] DONE edge-e09-sharing-denial.json repeats=5 80.9s guard={"mode": "enforce", "sampled": 5, "blocked": 0, "fallback": 0, "passed": 5}  report written to E:\stella\stella_project\docs\reports\evid
[23:15:43] DONE edge-e10-revoke-warm-cache.json repeats=5 88.7s guard={"mode": "enforce", "sampled": 5, "blocked": 0, "fallback": 1, "passed": 4}  report written to E:\stella\stella_project\docs\reports\evid
[23:16:55] DONE edge-e11-cross-bot-same-user.json repeats=5 71.8s guard={"mode": "enforce", "sampled": 5, "blocked": 0, "fallback": 0, "passed": 5}  report written to E:\stella\stella_project\docs\reports\evid
[23:18:21] DONE edge-e12-guard-malformed.json repeats=5 85.8s guard={"mode": "enforce", "sampled": 5, "blocked": 0, "fallback": 0, "passed": 5}  report written to E:\stella\stella_project\docs\reports\evid
[23:18:21] ALL DONE
